(TranslationUnit (SymbolTable 00000003 {}) [(Num 5 (Integer 4 [])) (BinOp (Num 5 (Integer 4 [])) operatorType0 (Num 3 (Integer 4 [])) (Integer 4 [])) (BinOp (BinOp (Num 5 (Integer 4 [])) operatorType0 (Num 3 (Integer 4 [])) (Integer 4 [])) operatorType2 (Num 2 (Integer 4 [])) (Integer 4 [])) (BinOp (Num 5 (Integer 4 [])) operatorType0 (BinOp (Num 3 (Integer 4 [])) operatorType2 (Num 2 (Integer 4 [])) (Integer 4 [])) (Integer 4 [])) (BinOp (Num 5 (Integer 4 [])) operatorType1 (Num 3 (Integer 4 [])) (Integer 4 [])) (BinOp (Num 4 (Integer 4 [])) operatorType4 (Num 3 (Integer 4 [])) (Integer 4 []))])
