(TranslationUnit (SymbolTable 1 {test_for: (Subroutine (SymbolTable 2 {i: (Variable 2 i Local () () Default (Integer 4 []) Source Public Required .false.)}) test_for [] [(DoLoop ((Var 2 i) (ConstantInteger 0 (Integer 4 [])) (ConstantInteger 10 (Integer 4 [])) (ConstantInteger 1 (Integer 4 []))) [(If (Compare (Var 2 i) Eq (ConstantInteger 0 (Integer 4 [])) (Logical 4 []) () ()) [(Cycle)] []) (If (Compare (Var 2 i) Gt (ConstantInteger 5 (Integer 4 [])) (Logical 4 []) () ()) [(Exit)] [])])] Source Public Implementation () .false. .false.)}) [])
