(TranslationUnit (SymbolTable 97013aaa {intrinsics_02: (Program (SymbolTable 840177e8 {x: (Variable 840177e8 x Local (Real 4 []))}) intrinsics_02 [(= (Var 840177e8 x) (FuncCall 97013aaa sin [(ConstantReal "1.5" (Real 4 []))] [] (Real 4 []))) (Print () [(Var 840177e8 x)])]), sin: (Function (SymbolTable 84c45a57 {sin: (Variable 84c45a57 sin ReturnVar (Real 4 []))}) sin [] [] () (Var 84c45a57 sin) ())}) [])
