(TranslationUnit (SymbolTable 1 {associate_01: (Program (SymbolTable 2 {a: (Variable 2 a Local () Default (Real 4 [(() ())]) Source Public), b: (Variable 2 b Local () Default (Real 4 [(() ()) (() ())]) Source Public), c: (Variable 2 c Local () Default (Real 4 [(() ()) (() ()) (() ())]) Source Public), n: (Variable 2 n Local () Default (Integer 4 []) Source Public), x: (Variable 2 x Local () Default (Real 4 [(() ())]) Source Public), y: (Variable 2 y Local () Default (Real 4 [(() ()) (() ()) (() ())]) Source Public)}) associate_01 [(= (Var 2 n) (ConstantInteger 10 (Integer 4 []))) (Print () []) (Print () []) (Print () [])])}) [])
