(TranslationUnit (SymbolTable 1 {check: (Function (SymbolTable 3 {_lpython_return_variable: (Variable 3 _lpython_return_variable ReturnVar () () Default (Integer 4 []) Source Public Required .false.), a: (Variable 3 a Local () () Default (Integer 4 []) Source Public Required .false.)}) check [] [(= (Var 3 a) (FunctionCall 1 test () [(ConstantInteger 2 (Integer 4 [])) (ConstantInteger 2 (Integer 4 []))] [] (Integer 4 []) () ()) ()) (= (Var 3 _lpython_return_variable) (Var 3 a) ()) (Return)] (Var 3 _lpython_return_variable) Source Public Implementation ()), test: (Function (SymbolTable 2 {_lpython_return_variable: (Variable 2 _lpython_return_variable ReturnVar () () Default (Integer 4 []) Source Public Required .false.), a: (Variable 2 a In () () Default (Integer 4 []) Source Public Required .false.), b: (Variable 2 b In () () Default (Integer 4 []) Source Public Required .false.)}) test [(Var 2 a) (Var 2 b)] [(= (Var 2 _lpython_return_variable) (BinOp (Var 2 a) Pow (Var 2 b) (Integer 4 []) () ()) ()) (Return)] (Var 2 _lpython_return_variable) Source Public Implementation ())}) [])
