(TranslationUnit (SymbolTable c56cda33 {TESTFortran: (Program (SymbolTable 00000003 {}) TESTFortran [(Print () [(Str "'Hello'" (Character 8 []))])])}) [])
