(TranslationUnit (SymbolTable 1 {x: (Variable 1 x Local () Default .false. (Integer 4 []) Source Public)}) [])
