(TranslationUnit (SymbolTable 6cabfe67 {x: (Variable 6cabfe67 x 0 (Integer 4 []))}) [(= (Var 6cabfe67 x) (Num 6 (Integer 4 []))) (BinOp (Num 2 (Integer 4 [])) operatorType2 (Var 6cabfe67 x) (Integer 4 [])) (= (Var 6cabfe67 x) (BinOp (Var 6cabfe67 x) operatorType0 (Num 1 (Integer 4 [])) (Integer 4 [])))])
