(TranslationUnit (SymbolTable 1 {_lfortran_main_program: (Subroutine (SymbolTable 9 {}) _lfortran_main_program [] [(SubroutineCall 1 test_ord () [] ())] Source Public Implementation () .false. .false.), lpython_builtin: (IntrinsicModule lpython_builtin), main_program: (Program (SymbolTable 8 {}) main_program [] [(SubroutineCall 1 _lfortran_main_program () [] ())]), test_ord: (Subroutine (SymbolTable 2 {i: (Variable 2 i Local () () Default (Integer 4 []) Source Public Required .false.), ord: (ExternalSymbol 2 ord 4 ord lpython_builtin [] ord Public), s: (Variable 2 s Local () () Default (Character 1 -2 () []) Source Public Required .false.)}) test_ord [] [(= (Var 2 s) (ConstantString "1" (Character 1 1 () [])) ()) (= (Var 2 i) (FunctionCall 2 ord () [(Var 2 s)] [] (Integer 4 []) () ()) ()) (Print () [(Var 2 i)])] Source Public Implementation () .false. .false.)}) [])
