(TranslationUnit [(Module dflt_intent [] [] [] [(Subroutine foo [(c) (d)] [] () [] [] [] [(Declaration (AttrType TypeReal [] ()) [] [(c [] [] ()) (d [] [] ()) (e [] [] ()) (g [] [] ())])] [(= 0 e (FuncCallOrArray f [] [(() c () CodimensionExpr)] [])) (= 0 g (FuncCallOrArray f [] [(() d () CodimensionExpr)] []))] [(Function f [(x)] [(AttrType TypeReal [] ())] () () [] [] [] [(Declaration (AttrType TypeReal [] ()) [(AttrIntent In)] [(x [] [] ())])] [(= 0 f (* 2 x)) (Print 0 () [f])] [])])]) (Program main [(Use [] dflt_intent [])] [] [] [(SubroutineCall 0 foo [] [(() (Real "0.0") () CodimensionExpr) (() (Real "2.0") () CodimensionExpr)] [])] [])])
