(TranslationUnit [(Subroutine sum_reduce [(a) (s)] [] [(Declaration [(a "real" [(() ())] [(Attribute intent [(in)] [])] ())]) (Declaration [(s "real" [] [(Attribute intent [(out)] [])] ())]) (Declaration [(N "integer" [] [] ()) (i "integer" [] [] ())])] [(= N (FuncCallOrArray size [a] [])) (= s 0) (DoConcurrentLoop i 1 N () (Reduce reduce_opType0 [s]) [(= s (+ s (FuncCallOrArray a [i] [])))])] [])])
