(TranslationUnit [(Subroutine do_concurrent2 [(a) (b)] [] () [] [] [] [(Declaration (AttrType TypeReal [] ()) [(AttrIntent InOut)] [(a [(() () DimensionExpr)] [] ()) (b [(() () DimensionExpr)] [] ())]) (Declaration (AttrType TypeInteger [] ()) [] [(i [] [] ())]) (Declaration (AttrType TypeReal [] ()) [] [(x [] [] ())])] [(= 0 x (Real "1.0")) (DoConcurrentLoop 0 () [(ConcurrentControl i 1 10 ())] () [(ConcurrentShared [i]) (ConcurrentLocal [x]) (ConcurrentDefault)] [(If 0 () (> (FuncCallOrArray a [] [(() i () CodimensionExpr)] []) 0) [(= 0 x (FuncCallOrArray sqrt [] [(() (FuncCallOrArray a [] [(() i () CodimensionExpr)] []) () CodimensionExpr)] [])) (= 0 (FuncCallOrArray a [] [(() i () CodimensionExpr)] []) (- (FuncCallOrArray a [] [(() i () CodimensionExpr)] []) (** x 2)))] []) (= 0 (FuncCallOrArray b [] [(() i () CodimensionExpr)] []) (- (FuncCallOrArray b [] [(() i () CodimensionExpr)] []) (FuncCallOrArray a [] [(() i () CodimensionExpr)] [])))]) (Print 0 () [x])] [])])
