(TranslationUnit [(Module a [] [] [(Subroutine b [] [] [] [(Print () [(Str "b()")])] [])]) (Program modules_01 [] [] [(SubroutineCall b [])] [])])
