(TranslationUnit [(Program types_13 [(Use iso_c_binding [(UseSymbol c_int ()) (UseSymbol c_double ()) (UseSymbol c_char ())])] [(Interface () [])] [] [])])
