<<<<<<< HEAD
(TranslationUnit [(Program arrays_07 [] [(ImplicitNone [])] [(Declaration (AttrType TypeInteger [] ()) [(AttrDimension [(1 10 DimensionExpr)])] [(x [] ())]) (Declaration (AttrType TypeInteger [] ()) [(AttrDimension [(1 10 DimensionExpr) (1 10 DimensionExpr)])] [(y [] ())]) (Declaration (AttrType TypeInteger [] ()) [] [(i [] ()) (j [] ()) (start [] ()) (end [] ()) (step [] ())])] [(DoLoop 0 () i 1 10 () [(DoLoop 0 () j 1 10 () [(= 0 (FuncCallOrArray y [] [(() i ()) (() j ())] []) (+ i j))])]) (= 0 x (ArrayInitializer [(ImpliedDoLoop [i] i 1 10 ())])) (= 0 start (FuncCallOrArray x [] [(() 4 ())] [])) (= 0 end (FuncCallOrArray x [] [(() 7 ())] [])) (= 0 step (FuncCallOrArray x [] [(() 1 ())] [])) (Print 0 () [(FuncCallOrArray x [] [(start end step)] [])]) (Print 0 () [x]) (Print 0 () [(FuncCallOrArray x [] [(() () 1)] [])]) (Print 0 () [(FuncCallOrArray x [] [(3 5 1)] [])]) (Print 0 () [(FuncCallOrArray x [] [(3 () 1)] [])]) (Print 0 () [(FuncCallOrArray x [] [(() 5 1)] [])]) (Print 0 () [(FuncCallOrArray x [] [(3 5 2)] [])]) (Print 0 () [(FuncCallOrArray x [] [(() 5 2)] [])]) (Print 0 () [(FuncCallOrArray x [] [(3 () 2)] [])]) (Print 0 () [(FuncCallOrArray x [] [(3 () 2)] [])]) (Print 0 () [(FuncCallOrArray x [] [(() () 2)] [])]) (Print 0 () [(FuncCallOrArray x [] [(() () 2)] [])]) (Print 0 () [y]) (Print 0 () [(FuncCallOrArray y [] [(() () 1) (() 3 ())] [])]) (Print 0 () [(FuncCallOrArray y [] [(3 5 1) (() () 1)] [])]) (Print 0 () [(FuncCallOrArray y [] [(4 () 1) (3 () 1)] [])]) (Print 0 () [(FuncCallOrArray y [] [(() 5 1) (5 () 1)] [])]) (Print 0 () [(FuncCallOrArray y [] [(3 5 2) (3 5 1)] [])]) (Print 0 () [(FuncCallOrArray y [] [(() 5 2) (() 6 ())] [])]) (Print 0 () [(FuncCallOrArray y [] [(() 4 ()) (3 () 2)] [])]) (Print 0 () [(FuncCallOrArray y [] [(3 () 2) (() 3 2)] [])]) (Print 0 () [(FuncCallOrArray y [] [(() () 2) (() () 4)] [])]) (Print 0 () [(FuncCallOrArray y [] [(() () 2) (() 5 ())] [])])] [])])
=======
(TranslationUnit [(Program arrays_07 [] [(ImplicitNone [])] [(Declaration (AttrType TypeInteger [] ()) [(AttrDimension [(1 10 DimensionExpr)])] [(x [] [] ())]) (Declaration (AttrType TypeInteger [] ()) [] [(i [] [] ())])] [(= 0 x (ArrayInitializer () [(ImpliedDoLoop [i] i 1 (FuncCallOrArray size [] [(() x ())] []) ())])) (Print 0 () [x]) (Print 0 () [(FuncCallOrArray x [] [(() () 1)] [])]) (Print 0 () [(FuncCallOrArray x [] [(3 5 1)] [])]) (Print 0 () [(FuncCallOrArray x [] [(3 () 1)] [])]) (Print 0 () [(FuncCallOrArray x [] [(() 5 1)] [])]) (Print 0 () [(FuncCallOrArray x [] [(3 5 2)] [])]) (Print 0 () [(FuncCallOrArray x [] [(() 5 2)] [])]) (Print 0 () [(FuncCallOrArray x [] [(3 () 2)] [])]) (Print 0 () [(FuncCallOrArray x [] [(3 () 2)] [])]) (Print 0 () [(FuncCallOrArray x [] [(() () 2)] [])]) (Print 0 () [(FuncCallOrArray x [] [(() () 2)] [])])] [])])
>>>>>>> master
