(TranslationUnit [(Program critical1 [] [(ImplicitNone [])] [(Declaration (AttrType TypeInteger [] ()) [] [(joblist [] [(() () CodimensionStar)] () None) (job [] [] () None)]) (Declaration (AttrType TypeInteger [] ()) [] [(a [] [] () None) (b [] [] () None)])] [(If 0 () (== (FuncCallOrArray this_image [] [] []) 1) [(Read 0 [(()) (())] [] [joblist])] []) (SyncAll 0 []) (DoLoop 0 () () () () () [(Critical 0 () [] [(= 0 job (CoarrayRef joblist [] [] [(() 1 () CodimensionExpr)] [])) (= 0 (CoarrayRef joblist [] [] [(() 1 () CodimensionExpr)] []) (- job 1))]) (If 0 () (> job 0) [(= 0 b (+ (** a 2) (** b 2)))] [(Exit 0 ())])]) (SyncAll 0 [])] [])])
