(Module [(FunctionDef test_UnaryOp ([] [] [] [] [] [] []) [(AnnAssign (Name a Store) (Name i32 Load) () 1) (Assign [(Name a Store)] (UnaryOp UAdd (ConstantInt 4 ())) ()) (Assign [(Name a Store)] (UnaryOp USub (ConstantInt 500 ())) ()) (Assign [(Name a Store)] (UnaryOp Invert (ConstantInt 5 ())) ()) (Assign [(Name a Store)] (UnaryOp Not (ConstantInt 5 ())) ()) (Assign [(Name a Store)] (UnaryOp Not (UnaryOp USub (ConstantInt 1 ()))) ()) (Assign [(Name a Store)] (UnaryOp Not (ConstantInt 0 ())) ()) (AnnAssign (Name f Store) (Name f32 Load) () 1) (Assign [(Name f Store)] (UnaryOp UAdd (ConstantFloat 1.000000 ())) ()) (Assign [(Name f Store)] (UnaryOp USub (ConstantFloat 183745.534000 ())) ()) (AnnAssign (Name b1 Store) (Name bool Load) () 1) (AnnAssign (Name b2 Store) (Name bool Load) () 1) (AnnAssign (Name b3 Store) (Name bool Load) () 1) (Assign [(Name b1 Store)] (ConstantBool .true. ()) ()) (Assign [(Name b2 Store)] (UnaryOp Not (ConstantBool .false. ())) ()) (Assign [(Name b3 Store)] (UnaryOp Not (Name b2 Load)) ())] [] () ())] [])
