(TranslationUnit [(Program program_01 [] [(Declaration [(dp "integer" [] [(Attribute parameter [] [])] (FuncCallOrArray kind [(Real "0.d0")] []))]) (Declaration [(a "real" [] [] ())]) (Declaration [(i "integer" [] [] ())])] [(Print () [(Str "Normal random numbers:")]) (DoLoop i 1 10 () [(SubroutineCall rand [a]) (Print () [a])])] [(Subroutine rand [(x)] [] [(Declaration [(x "real" [] [(Attribute intent [(out)] [])] ())]) (Declaration [(first "logical" [] [(Attribute save [] [])] (Constant Unimplementedconstant))]) (Declaration [(u "real" [(1 2)] [(Attribute save [] [])] ())]) (Declaration [(r2 "real" [] [] ())])] [(If first [(DoLoop () () () () [(SubroutineCall random_number [u]) (= u (- (* 2 u) 1)) (= r2 (FuncCallOrArray sum [(** u 2)] [])) (If (BoolOp (< r2 1) And (> r2 0)) [(Exit)] [])]) (= u (* u (FuncCallOrArray sqrt [(/ (* (u- 2) (FuncCallOrArray log [r2] [])) r2)] []))) (= x (FuncCallOrArray u [1] []))] [(= x (FuncCallOrArray u [2] []))]) (= first (not first))] [])])])
