(sub g [] [] [] [(= x y) (= x (* 2 y))] [])
(sub g [] [] [] [(= x y) (= x (* 2 y))] [])
(sub g [] [] [] [(= x y) (= x (* 2 y))] [])
(sub g [] [] [] [(= x y) (= x (* 2 y))] [])
(sub g [] [] [] [(= x y) (= x (* 2 y))] [])
(sub g [] [] [] [(= x y) (= x (* 2 y))] [])
(sub g [] [] [] [(= x y) (= x (* 2 y))] [])
