(TranslationUnit [(Program program1 [] [(Declaration [(i "integer" [] [] ())])] [(= i 5)] [])])
