(TranslationUnit [(Print () [a b]) (Print () [b]) (Print () [hour]) (Print () [b]) (Print () [b c e])])
