program derived_types_03
type :: X
    integer :: i
end type
type :: b

contains

    subroutine Y()
    type :: A
        integer :: i
    end type
    type :: b
    end subroutine Y

    integer function Z() 
    type :: A
        integer :: i
    end type
    type :: b
    Z = 5
    end function Z

end program derived_types_03
