size(tvec, 2)
min(tvec(2, i), tvec(1, i))
a(1, 2, 3)
A(i, j, k)