void sum_reduce(const Kokkos::View<const float*> & a, 
float *s)
{
    size_t N;
    size_t i;
    N = a.extent(0);
    *s = 0
    Kokkos::parallel_reduce(N, KOKKOS_LAMBDA(const long i, float & updatevar_0) {
        updatevar_0 = (updatevar_0) + (a[i]);
    }, *s);
}

