#include <iostream>
#include <string>
#include <vector>
#include <Kokkos_Core.hpp>
#include <lfortran_intrinsics.h>

template <typename T>
Kokkos::View<T*> from_std_vector(const std::vector<T> &v)
{
    Kokkos::View<T*> r("r", v.size());
    for (size_t i=0; i < v.size(); i++) {
        r(i) = v[i];
    }
    return r;
}

void test_UnaryOp()
{
    int a;
    bool b1;
    bool b2;
    float f;
    a = 4;
    a = -500;
    f = 1.000000;
    f = -183745.534000;
    b1 = true;
    b2 = !false;
}

