; ModuleID = 'LFortran'
source_filename = "LFortran"

@x = external global i64

define i64 @f() {
.entry:
  %f = alloca i64
  store i64 6, i64* @x
  %0 = load i64, i64* %f
  ret i64 %0
}

