; ModuleID = 'LFortran'
source_filename = "LFortran"

define i64 @f() {
.entry:
  %f = alloca i64
  store i64 42, i64* %f
  %0 = load i64, i64* %f
  ret i64 %0
}

