(TranslationUnit (SymbolTable 58a7bc47 {f: (Function (SymbolTable 495ede5c {f0: (Variable 495ede5c f0 0 (Integer 4 [])), f1: (Variable 495ede5c f1 0 (Integer 4 [])), f2: (Variable 495ede5c f2 4 (Integer 4 []))}) f [] [(= (Var 58a7bc47 x) (Num 6 (Integer 4 []))) (= (Var 495ede5c f1) (BinOp (Num 2 (Integer 4 [])) operatorType2 (Var 58a7bc47 x) (Integer 4 []))) (= (Var 58a7bc47 x) (BinOp (Var 58a7bc47 x) operatorType0 (Num 1 (Integer 4 [])) (Integer 4 []))) (= (Var 495ede5c f2) (BinOp (Num 3 (Integer 4 [])) operatorType2 (Var 58a7bc47 x) (Integer 4 [])))] () (Var 495ede5c f2) ()), x: (Variable 58a7bc47 x 0 (Integer 4 []))}) [])
